// Jest Snapshot v1, https://goo.gl/fbAQLP

exports[`Timer component should render 1`] = `
<div>
  <div
    class="uk-margin"
  >
    <div
      class="uk-text-center"
    >
      <button
        class="uk-button uk-button-text toggle-className"
        data-testid="go-to-settings"
        data-uk-toggle="target: .identifier;animation: uk-animation-fade"
        disabled=""
      >
        Settings
      </button>
    </div>
  </div>
</div>
`;
